
   This is a [1]test of the file conversion routines.


References

   1. file://localhost/THISFILE.html#foo

Exit code 0
