test one [warning] Test of direct hit
Global counter is now 1
test one two three [warning] Test of indirect hit
Global counter is now 2
Exit code 0
